{
  "args": [
    "class 'Foo' redefined at line 5", 
    []
  ], 
  "exception_type": "<type 'exceptions.RuntimeError'>", 
  "stack": [
    [
      "<module>", 
      "got = ds.extractFromFile(os.path.join(testDir, test + \".js\"))"
    ], 
    [
      "extractFromFile", 
      "data = self.extract(contents)"
    ], 
    [
      "extract", 
      "self._analyzeBlock(block, context, firstBlock, data, lineStart, line)"
    ], 
    [
      "_analyzeBlock", 
      "parseData['blockHandler'].merge(doc, data, guessedName)"
    ], 
    [
      "merge", 
      "raise RuntimeError(\"class '%s' redefined\" % doc[\"name\"])"
    ]
  ]
}
