{
  "classes": [
    {
      "constructor": {
        "desc": "This is the constructor of the class", 
        "params": [
          {
            "desc": "it accepts a bar argument of type foo", 
            "name": "bar", 
            "type": "foo"
          }
        ], 
        "source_lines": [
          11, 
          16
        ]
      }, 
      "desc": "A class which parses a url and exposes its various\ncomponents separately.", 
      "name": "URL", 
      "source_lines": [
        5, 
        10
      ]
    }
  ], 
  "desc": "A test of basic class parsing", 
  "filename": "tests/class_with_constructor.js", 
  "module": "class_with_constructor", 
  "source_lines": [
    1, 
    4
  ]
}
