{
  "classes": [
    {
      "constructors": [
        {
          "desc": "This is the first constructor of the class", 
          "params": [
            {
              "desc": "it accepts a bar argument of type foo", 
              "name": "bar", 
              "type": "foo"
            }
          ], 
          "source_lines": [
            11, 
            17
          ]
        },
        {
          "desc": "This is the second (no-arg) constructor of the class", 
          "source_lines": [
            18,
            22
          ]
        }
      ],
      "desc": "A class which parses a url and exposes its various\ncomponents separately.", 
      "name": "URL", 
      "source_lines": [
        5, 
        10
      ]
    }
  ], 
  "desc": "A test of basic class parsing", 
  "filename": "tests/class_with_constructors.js", 
  "module": "class_with_constructors", 
  "source_lines": [
    1, 
    4
  ]
}
