{
  "classes": [
    {
      "constructor": {
        "desc": "The URL constructor creates an object that represents a URL,  verifying that\nthe provided string is a valid URL in the process.", 
        "params": [
          {
            "desc": "A string to be converted into a URL.", 
            "name": "url", 
            "type": "string"
          }, 
          {
            "desc": "A optional base url which will be used to resolve the\n`url` argument if it is a relative url.", 
            "name": "[base]", 
            "type": "string"
          }
        ], 
        "source_lines": [
          24, 
          35
        ], 
        "throws": [
          {
            "desc": "If `source` is not a valid URI."
          }
        ]
      }, 
      "desc": "A class which parses a url and exposes its various\ncomponents separately.", 
      "functions": [
        {
          "desc": "Converts a URL to a string.", 
          "name": "toString", 
          "returns": {
            "desc": "The URL as a string.", 
            "type": "string"
          }, 
          "source_lines": [
            56, 
            60
          ]
        }
      ], 
      "name": "URL", 
      "properties": [
        {
          "desc": "The name of the protocol in the URL.", 
          "name": "scheme", 
          "source_lines": [
            36, 
            39
          ], 
          "type": "string"
        }, 
        {
          "desc": "The username:password part of the URL, `null` if not present.", 
          "name": "userPass", 
          "source_lines": [
            40, 
            43
          ], 
          "type": "string"
        }, 
        {
          "desc": "The host of the URL, `null` if not present.", 
          "name": "host", 
          "source_lines": [
            44, 
            47
          ], 
          "type": "string"
        }, 
        {
          "desc": "The port number of the URL, `null` if none was specified.", 
          "name": "port", 
          "source_lines": [
            48, 
            51
          ], 
          "type": "integer"
        }, 
        {
          "desc": "The path component of the URL.", 
          "name": "path", 
          "source_lines": [
            52, 
            55
          ], 
          "type": "string"
        }
      ], 
      "source_lines": [
        19, 
        23
      ]
    }
  ], 
  "desc": "A test of generation of documentation for nested classes.\n(test data is a snapshot in time of a url parsing library)", 
  "filename": "tests/class_full.js", 
  "functions": [
    {
      "desc": "build a URL from a filename.", 
      "name": "fromPath", 
      "params": [
        {
          "desc": "The path to convert.", 
          "name": "path", 
          "type": "string"
        }
      ], 
      "returns": {
        "desc": "A string representation of a URL.", 
        "type": "string"
      }, 
      "source_lines": [
        5, 
        11
      ]
    }, 
    {
      "desc": "build a filename from a url.", 
      "name": "toPath", 
      "params": [
        {
          "desc": "The path to convert.", 
          "name": "path", 
          "type": "string"
        }
      ], 
      "returns": {
        "desc": "A string representation of a URL.", 
        "type": "string"
      }, 
      "source_lines": [
        12, 
        18
      ]
    }
  ], 
  "module": "class_full", 
  "source_lines": [
    1, 
    4
  ]
}
