{
  "classes": [
    {
      "events": [
        {
          "desc": "Allows the listener to understand approximately how much of the\npage has loaded.", 
          "name": "progress", 
          "payload": {
            "desc": "The percentage (0..100) of page load that is complete", 
            "type": "number"
          }, 
          "source_lines": [
            7, 
            12
          ]
        }, 
        {
          "desc": "A foo event, duh.", 
          "name": "foo", 
          "payload": {
            "desc": "A string with lotsa foo inside!", 
            "type": "string"
          }, 
          "source_lines": [
            15, 
            19
          ]
        }
      ], 
      "name": "EventEmittingClass", 
      "source_lines": [
        5, 
        6
      ]
    }
  ], 
  "filename": "tests/events_inside_class.js", 
  "module": "events_inside_class"
}
