{
  "desc": "A module with a basic function definition in it", 
  "filename": "tests/function_basic.js", 
  "functions": [
    {
      "desc": "a function which converts URLs to filenames", 
      "name": "toFilename", 
      "source_lines": [
        5, 
        8
      ]
    }
  ], 
  "module": "function_basic", 
  "source_lines": [
    1, 
    4
  ]
}
