{
  "desc": "A module with a basic function definition in it,\nbut without explicit mention of the name of the function\ngiven the heuristic name guessing stuff.", 
  "filename": "tests/function_omit_name.js", 
  "functions": [
    {
      "desc": "a function which converts URLs to filenames", 
      "name": "toFilename", 
      "source_lines": [
        7, 
        11
      ]
    }
  ], 
  "module": "function_omit_name", 
  "source_lines": [
    1, 
    6
  ]
}
