{
  "desc": "A module with the three different ways to delcare\nreturn types.", 
  "filename": "tests/function_supports_type_or_return_or_returns.js", 
  "functions": [
    {
      "desc": "a function which converts URLs to filenames", 
      "name": "toFilename", 
      "returns": {
        "desc": "A string.", 
        "type": "string"
      }, 
      "source_lines": [
        6, 
        11
      ]
    }, 
    {
      "desc": "a function which converts URLs to filenames", 
      "name": "toFilename2", 
      "returns": {
        "desc": "A String.", 
        "type": "string"
      }, 
      "source_lines": [
        12, 
        17
      ]
    }, 
    {
      "desc": "a function which converts URLs to filenames", 
      "name": "toFilename3", 
      "returns": {
        "desc": "Yeah, A String.", 
        "type": "string"
      }, 
      "source_lines": [
        18, 
        22
      ]
    }
  ], 
  "module": "function_supports_type_or_return_or_returns", 
  "source_lines": [
    1, 
    5
  ]
}
