{
  "desc": "documenation of fairly vanilla functions should be simple.  let's see!", 
  "filename": "tests/guess_basic_function.js", 
  "functions": [
    {
      "desc": "Transmorgifies the input", 
      "name": "transmorgify"
    }
  ], 
  "module": "guess_basic_function"
}
