{
  "desc": "A function which contains parameters expressed\nwith type before param name.", 
  "filename": "tests/params_type_first_newline.js", 
  "functions": [
    {
      "desc": "a function which converts URLs to filenames.", 
      "name": "toFilename", 
      "params": [
        {
          "desc": "The url to convert", 
          "name": "url", 
          "type": "string"
        }
      ], 
      "source_lines": [
        6, 
        10
      ]
    }
  ], 
  "module": "params_type_first_newline", 
  "source_lines": [
    1, 
    5
  ]
}
