{
  "args": [
    "@param not allowed in @property block"
  ], 
  "exception_type": "<type 'exceptions.RuntimeError'>", 
  "stack": [
    [
      "<module>", 
      "got = ds.extractFromFile(os.path.join(testDir, test + \".js\"))"
    ], 
    [
      "extractFromFile", 
      "data = self.extract(contents)"
    ], 
    [
      "extract", 
      "self._analyzeBlock(block, context, firstBlock, data)"
    ], 
    [
      "_analyzeBlock", 
      "(tag, parseData['blockHandler'].tagName))"
    ]
  ]
}
