{
  "args": [
    "@return tag requires an argument at line 5"
  ], 
  "exception_type": "<type 'exceptions.RuntimeError'>", 
  "stack": [
    [
      "<module>", 
      "got = ds.extractFromFile(os.path.join(testDir, test + \".js\"))"
    ], 
    [
      "extractFromFile", 
      "data = self.extract(contents)"
    ], 
    [
      "extract", 
      "self._analyzeBlock(block, context, firstBlock, data, lineStart, line)"
    ], 
    [
      "_analyzeBlock", 
      "self._consumeToks(tokens, parseData)"
    ], 
    [
      "_consumeToks", 
      "raise RuntimeError(\"%s tag requires an argument\" % cur)"
    ]
  ]
}
