{
  "args": [
    "@throws tag requires an argument"
  ], 
  "exception_type": "<type 'exceptions.RuntimeError'>"
}
