{
  "desc": "a module with a function thats really throwey.", 
  "filename": "tests/throws_multiple_types.js", 
  "functions": [
    {
      "name": "throweyFunc", 
      "source_lines": [
        5, 
        11
      ], 
      "throws": [
        {
          "desc": "When you are sleeping"
        }, 
        {
          "desc": "When you're awake"
        }, 
        {
          "desc": "if you've been bad or good.", 
          "type": "object"
        }, 
        {
          "desc": "So be good for goodness sake."
        }
      ]
    }
  ], 
  "module": "throws_multiple_types", 
  "source_lines": [
    1, 
    4
  ]
}
