{
  "args": [
    "@typedef not allowed in global context at line 3"
  ], 
  "exception_type": "<type 'exceptions.RuntimeError'>", 
  "stack": [
    [
      "<module>", 
      "got = ds.extractFromFile(os.path.join(testDir, test + \".js\"))"
    ], 
    [
      "extractFromFile", 
      "data = self.extract(contents)"
    ], 
    [
      "extract", 
      "self._analyzeBlock(block, context, firstBlock, stack, lineStart, line)"
    ], 
    [
      "_analyzeBlock", 
      "thisContext))"
    ]
  ]
}
