{
  "desc": "when defining the @type of a property, you chose to omit braces", 
  "filename": "tests/type_optional_braces.js", 
  "module": "type_optional_braces", 
  "properties": [
    {
      "name": "foo", 
      "source_lines": [
        5, 
        9
      ], 
      "type": "string"
    }, 
    {
      "name": "bar", 
      "source_lines": [
        10, 
        13
      ], 
      "type": "string"
    }
  ], 
  "source_lines": [
    1, 
    4
  ]
}
