{
  "args": [
    "Bogus arguments to @type: (2): {string} | no no, no ... at line 1"
  ], 
  "exception_type": "<type 'exceptions.RuntimeError'>", 
  "stack": [
    [
      "<module>", 
      "got = ds.extractFromFile(os.path.join(testDir, test + \".js\"))"
    ], 
    [
      "extractFromFile", 
      "data = self.extract(contents)"
    ], 
    [
      "extract", 
      "self._analyzeBlock(block, context, firstBlock, stack, lineStart, line)"
    ], 
    [
      "_analyzeBlock", 
      "self._consumeToks(tokens, parseData)"
    ], 
    [
      "_consumeToks", 
      "ctx = handler.parse(args)"
    ], 
    [
      "parse", 
      "(self.tagName, self._argPrint(args)))"
    ]
  ]
}
